running egg_info
creating build/maze_world/maze_world.egg-info
writing build/maze_world/maze_world.egg-info/PKG-INFO
writing dependency_links to build/maze_world/maze_world.egg-info/dependency_links.txt
writing requirements to build/maze_world/maze_world.egg-info/requires.txt
writing top-level names to build/maze_world/maze_world.egg-info/top_level.txt
writing manifest file 'build/maze_world/maze_world.egg-info/SOURCES.txt'
reading manifest file 'build/maze_world/maze_world.egg-info/SOURCES.txt'
writing manifest file 'build/maze_world/maze_world.egg-info/SOURCES.txt'
running build
running build_py
creating /home/dmspe/ody_ws/src/maze_world/build/maze_world/build
creating /home/dmspe/ody_ws/src/maze_world/build/maze_world/build/lib
creating /home/dmspe/ody_ws/src/maze_world/build/maze_world/build/lib/maze_world
copying maze_world/__init__.py -> /home/dmspe/ody_ws/src/maze_world/build/maze_world/build/lib/maze_world
running install
running install_lib
creating /home/dmspe/ody_ws/src/maze_world/install/maze_world/lib/python3.12/site-packages/maze_world
copying /home/dmspe/ody_ws/src/maze_world/build/maze_world/build/lib/maze_world/__init__.py -> /home/dmspe/ody_ws/src/maze_world/install/maze_world/lib/python3.12/site-packages/maze_world
byte-compiling /home/dmspe/ody_ws/src/maze_world/install/maze_world/lib/python3.12/site-packages/maze_world/__init__.py to __init__.cpython-312.pyc
running install_data
creating /home/dmspe/ody_ws/src/maze_world/install/maze_world/share/ament_index
creating /home/dmspe/ody_ws/src/maze_world/install/maze_world/share/ament_index/resource_index
creating /home/dmspe/ody_ws/src/maze_world/install/maze_world/share/ament_index/resource_index/packages
copying resource/maze_world -> /home/dmspe/ody_ws/src/maze_world/install/maze_world/share/ament_index/resource_index/packages
copying package.xml -> /home/dmspe/ody_ws/src/maze_world/install/maze_world/share/maze_world
running install_egg_info
Copying build/maze_world/maze_world.egg-info to /home/dmspe/ody_ws/src/maze_world/install/maze_world/lib/python3.12/site-packages/maze_world-0.0.0-py3.12.egg-info
running install_scripts
writing list of installed files to '/home/dmspe/ody_ws/src/maze_world/build/maze_world/install.log'
