[2.693s] Invoking command in '/home/dmspe/ody_ws/src/maze_world': PYTHONPATH=/home/dmspe/ody_ws/src/maze_world/build/maze_world/prefix_override:/usr/lib/python3/dist-packages/colcon_core/task/python/colcon_distutils_commands:/home/dmspe/ody_ws/src/maze_world/install/maze_world/lib/python3.12/site-packages:${PYTHONPATH} /usr/bin/python3 -W ignore:setup.py install is deprecated -W ignore:easy_install command is deprecated setup.py egg_info --egg-base build/maze_world build --build-base /home/dmspe/ody_ws/src/maze_world/build/maze_world/build install --record /home/dmspe/ody_ws/src/maze_world/build/maze_world/install.log --install-scripts $base/lib/maze_world --single-version-externally-managed install_data
[3.273s] running egg_info
[3.274s] creating build/maze_world/maze_world.egg-info
[3.307s] writing build/maze_world/maze_world.egg-info/PKG-INFO
[3.307s] writing dependency_links to build/maze_world/maze_world.egg-info/dependency_links.txt
[3.308s] writing requirements to build/maze_world/maze_world.egg-info/requires.txt
[3.308s] writing top-level names to build/maze_world/maze_world.egg-info/top_level.txt
[3.308s] writing manifest file 'build/maze_world/maze_world.egg-info/SOURCES.txt'
[3.391s] reading manifest file 'build/maze_world/maze_world.egg-info/SOURCES.txt'
[3.392s] writing manifest file 'build/maze_world/maze_world.egg-info/SOURCES.txt'
[3.393s] running build
[3.393s] running build_py
[3.394s] creating /home/dmspe/ody_ws/src/maze_world/build/maze_world/build
[3.394s] creating /home/dmspe/ody_ws/src/maze_world/build/maze_world/build/lib
[3.394s] creating /home/dmspe/ody_ws/src/maze_world/build/maze_world/build/lib/maze_world
[3.395s] copying maze_world/__init__.py -> /home/dmspe/ody_ws/src/maze_world/build/maze_world/build/lib/maze_world
[3.395s] running install
[3.407s] running install_lib
[3.446s] creating /home/dmspe/ody_ws/src/maze_world/install/maze_world/lib/python3.12/site-packages/maze_world
[3.447s] copying /home/dmspe/ody_ws/src/maze_world/build/maze_world/build/lib/maze_world/__init__.py -> /home/dmspe/ody_ws/src/maze_world/install/maze_world/lib/python3.12/site-packages/maze_world
[3.450s] byte-compiling /home/dmspe/ody_ws/src/maze_world/install/maze_world/lib/python3.12/site-packages/maze_world/__init__.py to __init__.cpython-312.pyc
[3.450s] running install_data
[3.451s] creating /home/dmspe/ody_ws/src/maze_world/install/maze_world/share/ament_index
[3.452s] creating /home/dmspe/ody_ws/src/maze_world/install/maze_world/share/ament_index/resource_index
[3.452s] creating /home/dmspe/ody_ws/src/maze_world/install/maze_world/share/ament_index/resource_index/packages
[3.452s] copying resource/maze_world -> /home/dmspe/ody_ws/src/maze_world/install/maze_world/share/ament_index/resource_index/packages
[3.453s] copying package.xml -> /home/dmspe/ody_ws/src/maze_world/install/maze_world/share/maze_world
[3.453s] running install_egg_info
[3.482s] Copying build/maze_world/maze_world.egg-info to /home/dmspe/ody_ws/src/maze_world/install/maze_world/lib/python3.12/site-packages/maze_world-0.0.0-py3.12.egg-info
[3.483s] running install_scripts
[3.709s] writing list of installed files to '/home/dmspe/ody_ws/src/maze_world/build/maze_world/install.log'
[3.767s] Invoked command in '/home/dmspe/ody_ws/src/maze_world' returned '0': PYTHONPATH=/home/dmspe/ody_ws/src/maze_world/build/maze_world/prefix_override:/usr/lib/python3/dist-packages/colcon_core/task/python/colcon_distutils_commands:/home/dmspe/ody_ws/src/maze_world/install/maze_world/lib/python3.12/site-packages:${PYTHONPATH} /usr/bin/python3 -W ignore:setup.py install is deprecated -W ignore:easy_install command is deprecated setup.py egg_info --egg-base build/maze_world build --build-base /home/dmspe/ody_ws/src/maze_world/build/maze_world/build install --record /home/dmspe/ody_ws/src/maze_world/build/maze_world/install.log --install-scripts $base/lib/maze_world --single-version-externally-managed install_data
